// Jest Snapshot v1, https://goo.gl/fbAQLP

exports[`ActiveChef Component should render initial layout 1`] = `
Array [
  <div>
    <section
        className="timer"
    >
        <h2>
            You are currently inactive
        </h2>
        <table
            className="timertable"
        >
            <tbody>
                <tr
                    className="info"
                >
                    <td
                        colSpan="3"
                    >
                        You will be active for: 
                    </td>
                </tr>
                <tr>
                    <td
                        id="hours"
                    >
                        HOURS
                    </td>
                    <td
                        id="minutes"
                    >
                        MINUTES
                    </td>
                    <td
                        id="seconds"
                    >
                        SECONDS
                    </td>
                </tr>
                <tr>
                    <td>
                        Hours
                    </td>
                    <td>
                        Minutes
                    </td>
                    <td>
                        Seconds
                    </td>
                </tr>
            </tbody>
        </table>
    </section>
    <form
        action="inactive_chef.html"
        className="stopserve"
        method="post"
    >
        <input
            type="submit"
            value="Stop Serving"
        />
    </form>
</div>,
]
`;
