// Jest Snapshot v1, https://goo.gl/fbAQLP

exports[`Login Component should render initial layout 1`] = `
Array [
  <div
    className="outer-panel"
>
    <div
        className="panel-body"
    >
        <h2
            className="title"
        >
            Login
        </h2>
        <div
            className="input-fields"
        >
            <div
                className="input-line"
            >
                Username:
                <input
                    name="username"
                    onChange={[Function]}
                    type="text"
                />
            </div>
            <div
                className="input-line"
            >
                Password:
                <input
                    name="password"
                    onChange={[Function]}
                    type="password"
                />
            </div>
            <div
                className="radio-input"
            >
                <label
                    htmlFor="customer"
                >
                    Customer
                </label>
                <input
                    id="customer"
                    name="login_type"
                    onChange={[Function]}
                    type="radio"
                    value="customer"
                />
                <label
                    htmlFor="chef"
                >
                    Chef
                </label>
                <input
                    id="chef"
                    name="login_type"
                    onChange={[Function]}
                    type="radio"
                    value="chef"
                />
            </div>
        </div>
    </div>
    <div
        className="panel-footer"
    >
        <Link
            replace={false}
            to="signup"
        >
            <button
                className="btn back-btn"
            >
                New User?
            </button>
        </Link>
        <Link
            onClick={[Function]}
            replace={false}
            to="login"
        >
            <button
                className="btn next-btn"
            >
                Login
            </button>
        </Link>
    </div>
</div>,
]
`;
