// Jest Snapshot v1, https://goo.gl/fbAQLP

exports[`Login Component should render initial layout 1`] = `
Array [
  <div
    className="outer-panel"
>
    <div
        className="panel-body"
    >
        <h2
            className="title"
        >
            Your Order Has Been Placed!
        </h2>
        <table
            className="countdownContainer"
        >
            <tr
                className="info"
            >
                <td
                    colspan="3"
                >
                     Your food will arrive in:
                </td>
            </tr>
            <tr
                className="info"
            >
                <td
                    id="hours"
                >
                    20
                </td>
                <td
                    id="minutes"
                >
                    23
                </td>
                <td
                    id="seconds"
                >
                    2
                </td>
            </tr>
            <tr>
                <td>
                     Hours
                </td>
                <td>
                     Minutes
                </td>
                <td>
                     Seconds
                </td>
            </tr>
        </table>
    </div>
    <div
        className="panel-footer"
    >
        <Link
            replace={false}
            to="review"
        >
            <button
                className="btn next-btn"
            >
                Received Order
            </button>
        </Link>
    </div>
</div>,
]
`;

exports[`Submit Button should render correctly 1`] = `
ShallowWrapper {
  "length": 1,
  Symbol(enzyme.__root__): [Circular],
  Symbol(enzyme.__unrendered__): <OrderStatus
    name="btn next-btn"
/>,
  Symbol(enzyme.__renderer__): Object {
    "batchedUpdates": [Function],
    "getNode": [Function],
    "render": [Function],
    "simulateEvent": [Function],
    "unmount": [Function],
  },
  Symbol(enzyme.__node__): Object {
    "instance": null,
    "key": undefined,
    "nodeType": "host",
    "props": Object {
      "children": Array [
        <div
          className="panel-body"
>
          <h2
                    className="title"
          >
                    Your Order Has Been Placed!
          </h2>
          <table
                    className="countdownContainer"
          >
                    <tr
                              className="info"
                    >
                              <td
                                        colspan="3"
                              >
                                         Your food will arrive in:
                              </td>
                    </tr>
                    <tr
                              className="info"
                    >
                              <td
                                        id="hours"
                              >
                                        20
                              </td>
                              <td
                                        id="minutes"
                              >
                                        23
                              </td>
                              <td
                                        id="seconds"
                              >
                                        2
                              </td>
                    </tr>
                    <tr>
                              <td>
                                         Hours
                              </td>
                              <td>
                                         Minutes
                              </td>
                              <td>
                                         Seconds
                              </td>
                    </tr>
          </table>
</div>,
        <div
          className="panel-footer"
>
          <Link
                    replace={false}
                    to="review"
          >
                    <button
                              className="btn next-btn"
                    >
                              Received Order
                    </button>
          </Link>
</div>,
      ],
      "className": "outer-panel",
    },
    "ref": null,
    "rendered": Array [
      Object {
        "instance": null,
        "key": undefined,
        "nodeType": "host",
        "props": Object {
          "children": Array [
            <h2
              className="title"
>
              Your Order Has Been Placed!
</h2>,
            <table
              className="countdownContainer"
>
              <tr
                            className="info"
              >
                            <td
                                          colspan="3"
                            >
                                           Your food will arrive in:
                            </td>
              </tr>
              <tr
                            className="info"
              >
                            <td
                                          id="hours"
                            >
                                          20
                            </td>
                            <td
                                          id="minutes"
                            >
                                          23
                            </td>
                            <td
                                          id="seconds"
                            >
                                          2
                            </td>
              </tr>
              <tr>
                            <td>
                                           Hours
                            </td>
                            <td>
                                           Minutes
                            </td>
                            <td>
                                           Seconds
                            </td>
              </tr>
</table>,
          ],
          "className": "panel-body",
        },
        "ref": null,
        "rendered": Array [
          Object {
            "instance": null,
            "key": undefined,
            "nodeType": "host",
            "props": Object {
              "children": "Your Order Has Been Placed!",
              "className": "title",
            },
            "ref": null,
            "rendered": "Your Order Has Been Placed!",
            "type": "h2",
          },
          Object {
            "instance": null,
            "key": undefined,
            "nodeType": "host",
            "props": Object {
              "children": Array [
                <tr
                  className="info"
>
                  <td
                                    colspan="3"
                  >
                                     Your food will arrive in:
                  </td>
</tr>,
                <tr
                  className="info"
>
                  <td
                                    id="hours"
                  >
                                    20
                  </td>
                  <td
                                    id="minutes"
                  >
                                    23
                  </td>
                  <td
                                    id="seconds"
                  >
                                    2
                  </td>
</tr>,
                <tr>
                  <td>
                                     Hours
                  </td>
                  <td>
                                     Minutes
                  </td>
                  <td>
                                     Seconds
                  </td>
</tr>,
              ],
              "className": "countdownContainer",
            },
            "ref": null,
            "rendered": Array [
              Object {
                "instance": null,
                "key": undefined,
                "nodeType": "host",
                "props": Object {
                  "children": <td
                    colspan="3"
>
                     Your food will arrive in:
</td>,
                  "className": "info",
                },
                "ref": null,
                "rendered": Object {
                  "instance": null,
                  "key": undefined,
                  "nodeType": "host",
                  "props": Object {
                    "children": " Your food will arrive in:",
                    "colspan": "3",
                  },
                  "ref": null,
                  "rendered": " Your food will arrive in:",
                  "type": "td",
                },
                "type": "tr",
              },
              Object {
                "instance": null,
                "key": undefined,
                "nodeType": "host",
                "props": Object {
                  "children": Array [
                    <td
                      id="hours"
>
                      20
</td>,
                    <td
                      id="minutes"
>
                      23
</td>,
                    <td
                      id="seconds"
>
                      2
</td>,
                  ],
                  "className": "info",
                },
                "ref": null,
                "rendered": Array [
                  Object {
                    "instance": null,
                    "key": undefined,
                    "nodeType": "host",
                    "props": Object {
                      "children": "20",
                      "id": "hours",
                    },
                    "ref": null,
                    "rendered": "20",
                    "type": "td",
                  },
                  Object {
                    "instance": null,
                    "key": undefined,
                    "nodeType": "host",
                    "props": Object {
                      "children": "23",
                      "id": "minutes",
                    },
                    "ref": null,
                    "rendered": "23",
                    "type": "td",
                  },
                  Object {
                    "instance": null,
                    "key": undefined,
                    "nodeType": "host",
                    "props": Object {
                      "children": "2",
                      "id": "seconds",
                    },
                    "ref": null,
                    "rendered": "2",
                    "type": "td",
                  },
                ],
                "type": "tr",
              },
              Object {
                "instance": null,
                "key": undefined,
                "nodeType": "host",
                "props": Object {
                  "children": Array [
                    <td>
                       Hours
</td>,
                    <td>
                       Minutes
</td>,
                    <td>
                       Seconds
</td>,
                  ],
                },
                "ref": null,
                "rendered": Array [
                  Object {
                    "instance": null,
                    "key": undefined,
                    "nodeType": "host",
                    "props": Object {
                      "children": " Hours",
                    },
                    "ref": null,
                    "rendered": " Hours",
                    "type": "td",
                  },
                  Object {
                    "instance": null,
                    "key": undefined,
                    "nodeType": "host",
                    "props": Object {
                      "children": " Minutes",
                    },
                    "ref": null,
                    "rendered": " Minutes",
                    "type": "td",
                  },
                  Object {
                    "instance": null,
                    "key": undefined,
                    "nodeType": "host",
                    "props": Object {
                      "children": " Seconds",
                    },
                    "ref": null,
                    "rendered": " Seconds",
                    "type": "td",
                  },
                ],
                "type": "tr",
              },
            ],
            "type": "table",
          },
        ],
        "type": "div",
      },
      Object {
        "instance": null,
        "key": undefined,
        "nodeType": "host",
        "props": Object {
          "children": <Link
            replace={false}
            to="review"
>
            <button
                        className="btn next-btn"
            >
                        Received Order
            </button>
</Link>,
          "className": "panel-footer",
        },
        "ref": null,
        "rendered": Object {
          "instance": null,
          "key": undefined,
          "nodeType": "class",
          "props": Object {
            "children": <button
              className="btn next-btn"
>
              Received Order
</button>,
            "replace": false,
            "to": "review",
          },
          "ref": null,
          "rendered": Object {
            "instance": null,
            "key": undefined,
            "nodeType": "host",
            "props": Object {
              "children": "Received Order",
              "className": "btn next-btn",
            },
            "ref": null,
            "rendered": "Received Order",
            "type": "button",
          },
          "type": [Function],
        },
        "type": "div",
      },
    ],
    "type": "div",
  },
  Symbol(enzyme.__nodes__): Array [
    Object {
      "instance": null,
      "key": undefined,
      "nodeType": "host",
      "props": Object {
        "children": Array [
          <div
            className="panel-body"
>
            <h2
                        className="title"
            >
                        Your Order Has Been Placed!
            </h2>
            <table
                        className="countdownContainer"
            >
                        <tr
                                    className="info"
                        >
                                    <td
                                                colspan="3"
                                    >
                                                 Your food will arrive in:
                                    </td>
                        </tr>
                        <tr
                                    className="info"
                        >
                                    <td
                                                id="hours"
                                    >
                                                20
                                    </td>
                                    <td
                                                id="minutes"
                                    >
                                                23
                                    </td>
                                    <td
                                                id="seconds"
                                    >
                                                2
                                    </td>
                        </tr>
                        <tr>
                                    <td>
                                                 Hours
                                    </td>
                                    <td>
                                                 Minutes
                                    </td>
                                    <td>
                                                 Seconds
                                    </td>
                        </tr>
            </table>
</div>,
          <div
            className="panel-footer"
>
            <Link
                        replace={false}
                        to="review"
            >
                        <button
                                    className="btn next-btn"
                        >
                                    Received Order
                        </button>
            </Link>
</div>,
        ],
        "className": "outer-panel",
      },
      "ref": null,
      "rendered": Array [
        Object {
          "instance": null,
          "key": undefined,
          "nodeType": "host",
          "props": Object {
            "children": Array [
              <h2
                className="title"
>
                Your Order Has Been Placed!
</h2>,
              <table
                className="countdownContainer"
>
                <tr
                                className="info"
                >
                                <td
                                                colspan="3"
                                >
                                                 Your food will arrive in:
                                </td>
                </tr>
                <tr
                                className="info"
                >
                                <td
                                                id="hours"
                                >
                                                20
                                </td>
                                <td
                                                id="minutes"
                                >
                                                23
                                </td>
                                <td
                                                id="seconds"
                                >
                                                2
                                </td>
                </tr>
                <tr>
                                <td>
                                                 Hours
                                </td>
                                <td>
                                                 Minutes
                                </td>
                                <td>
                                                 Seconds
                                </td>
                </tr>
</table>,
            ],
            "className": "panel-body",
          },
          "ref": null,
          "rendered": Array [
            Object {
              "instance": null,
              "key": undefined,
              "nodeType": "host",
              "props": Object {
                "children": "Your Order Has Been Placed!",
                "className": "title",
              },
              "ref": null,
              "rendered": "Your Order Has Been Placed!",
              "type": "h2",
            },
            Object {
              "instance": null,
              "key": undefined,
              "nodeType": "host",
              "props": Object {
                "children": Array [
                  <tr
                    className="info"
>
                    <td
                                        colspan="3"
                    >
                                         Your food will arrive in:
                    </td>
</tr>,
                  <tr
                    className="info"
>
                    <td
                                        id="hours"
                    >
                                        20
                    </td>
                    <td
                                        id="minutes"
                    >
                                        23
                    </td>
                    <td
                                        id="seconds"
                    >
                                        2
                    </td>
</tr>,
                  <tr>
                    <td>
                                         Hours
                    </td>
                    <td>
                                         Minutes
                    </td>
                    <td>
                                         Seconds
                    </td>
</tr>,
                ],
                "className": "countdownContainer",
              },
              "ref": null,
              "rendered": Array [
                Object {
                  "instance": null,
                  "key": undefined,
                  "nodeType": "host",
                  "props": Object {
                    "children": <td
                      colspan="3"
>
                       Your food will arrive in:
</td>,
                    "className": "info",
                  },
                  "ref": null,
                  "rendered": Object {
                    "instance": null,
                    "key": undefined,
                    "nodeType": "host",
                    "props": Object {
                      "children": " Your food will arrive in:",
                      "colspan": "3",
                    },
                    "ref": null,
                    "rendered": " Your food will arrive in:",
                    "type": "td",
                  },
                  "type": "tr",
                },
                Object {
                  "instance": null,
                  "key": undefined,
                  "nodeType": "host",
                  "props": Object {
                    "children": Array [
                      <td
                        id="hours"
>
                        20
</td>,
                      <td
                        id="minutes"
>
                        23
</td>,
                      <td
                        id="seconds"
>
                        2
</td>,
                    ],
                    "className": "info",
                  },
                  "ref": null,
                  "rendered": Array [
                    Object {
                      "instance": null,
                      "key": undefined,
                      "nodeType": "host",
                      "props": Object {
                        "children": "20",
                        "id": "hours",
                      },
                      "ref": null,
                      "rendered": "20",
                      "type": "td",
                    },
                    Object {
                      "instance": null,
                      "key": undefined,
                      "nodeType": "host",
                      "props": Object {
                        "children": "23",
                        "id": "minutes",
                      },
                      "ref": null,
                      "rendered": "23",
                      "type": "td",
                    },
                    Object {
                      "instance": null,
                      "key": undefined,
                      "nodeType": "host",
                      "props": Object {
                        "children": "2",
                        "id": "seconds",
                      },
                      "ref": null,
                      "rendered": "2",
                      "type": "td",
                    },
                  ],
                  "type": "tr",
                },
                Object {
                  "instance": null,
                  "key": undefined,
                  "nodeType": "host",
                  "props": Object {
                    "children": Array [
                      <td>
                         Hours
</td>,
                      <td>
                         Minutes
</td>,
                      <td>
                         Seconds
</td>,
                    ],
                  },
                  "ref": null,
                  "rendered": Array [
                    Object {
                      "instance": null,
                      "key": undefined,
                      "nodeType": "host",
                      "props": Object {
                        "children": " Hours",
                      },
                      "ref": null,
                      "rendered": " Hours",
                      "type": "td",
                    },
                    Object {
                      "instance": null,
                      "key": undefined,
                      "nodeType": "host",
                      "props": Object {
                        "children": " Minutes",
                      },
                      "ref": null,
                      "rendered": " Minutes",
                      "type": "td",
                    },
                    Object {
                      "instance": null,
                      "key": undefined,
                      "nodeType": "host",
                      "props": Object {
                        "children": " Seconds",
                      },
                      "ref": null,
                      "rendered": " Seconds",
                      "type": "td",
                    },
                  ],
                  "type": "tr",
                },
              ],
              "type": "table",
            },
          ],
          "type": "div",
        },
        Object {
          "instance": null,
          "key": undefined,
          "nodeType": "host",
          "props": Object {
            "children": <Link
              replace={false}
              to="review"
>
              <button
                            className="btn next-btn"
              >
                            Received Order
              </button>
</Link>,
            "className": "panel-footer",
          },
          "ref": null,
          "rendered": Object {
            "instance": null,
            "key": undefined,
            "nodeType": "class",
            "props": Object {
              "children": <button
                className="btn next-btn"
>
                Received Order
</button>,
              "replace": false,
              "to": "review",
            },
            "ref": null,
            "rendered": Object {
              "instance": null,
              "key": undefined,
              "nodeType": "host",
              "props": Object {
                "children": "Received Order",
                "className": "btn next-btn",
              },
              "ref": null,
              "rendered": "Received Order",
              "type": "button",
            },
            "type": [Function],
          },
          "type": "div",
        },
      ],
      "type": "div",
    },
  ],
  Symbol(enzyme.__options__): Object {
    "adapter": ReactSixteenAdapter {
      "options": Object {
        "enableComponentDidUpdateOnSetState": true,
      },
    },
  },
}
`;
